
running 30 tests
test app::keyboard_actions::tests::shortcut_matches_supports_named_special_keys ... ok
test app::icon::tests::invalidating_shared_icon_cache_removes_entry ... ok
test app::icon::tests::bounded_cache_evicts_oldest_entry_when_capacity_is_exceeded ... ok
test app::icon::tests::bounded_cache_refreshes_recently_accessed_entries ... ok
test app::keyboard_actions::tests::matched_shortcut_action_uses_current_bindings_without_cloning ... ok
test app::model_sync::tests::lerp_i32_interpolates_and_rounds ... ok
test app::keyboard_actions::tests::shift_plus_cycle_theme_goes_backwards ... ok
test app::model_sync::tests::lerp_rect_interpolates_each_edge ... ok
test app::model_sync::tests::rect_has_area_rejects_degenerate_rects ... ok
test app::native_runtime::tests::floating_window_size_is_disabled_while_docked_or_without_overrides ... ok
test app::native_runtime::tests::floating_window_size_preserves_unspecified_dimension ... ok
test app::native_runtime::tests::floating_window_size_uses_fixed_dimensions_when_undocked ... ok
test app::settings_ui::tests::background_fit_indices_roundtrip_all_supported_modes ... ok
test app::settings_ui::tests::unknown_background_fit_index_falls_back_to_cover ... ok
test app::startup::tests::startup_command_includes_profile_argument_when_present ... ok
test app::startup::tests::startup_command_quotes_executable_and_omits_default_profile ... ok
test app::updates::tests::fallback_release_selection_skips_drafts_and_prereleases ... ok
test app::updates::tests::parse_semver_triplet_accepts_common_git_tags ... ok
test app::updates::tests::parse_semver_triplet_rejects_non_numeric_versions ... ok
test app::updates::tests::version_comparison_only_flags_strictly_newer_versions ... ok
test app::window_sync::tests::should_reset_cached_icon_only_for_app_or_path_changes ... ok
test app::window_sync::tests::window_metadata_changed_detects_any_tracked_difference ... ok
test tests::bilinear_sample_rgba_preserves_transparent_edges ... ok
test tests::apply_pinned_positions_keeps_pinned_app_in_reserved_slot ... ok
test tests::parse_startup_args_supports_help_and_version_flags ... ok
test tests::parse_startup_args_rejects_unknown_or_invalid_arguments ... ok
test tests::sanitize_thumbnail_rect_clips_to_client_bounds ... ok
test tests::sanitize_thumbnail_rect_hides_rects_outside_client ... ok
test tests::parse_startup_args_supports_profile_value_forms ... ok

thread 'app::settings_ui::tests::theme_preview_model_is_capped_for_settings_rendering' panicked at src\app\settings_ui.rs:490:9:
assertion `left == right` failed
  left: 366
 right: 48
note: run with `RUST_BACKTRACE=1` environment variable to display a backtrace
test app::settings_ui::tests::theme_preview_model_is_capped_for_settings_rendering ... FAILED

failures:

failures:
    app::settings_ui::tests::theme_preview_model_is_capped_for_settings_rendering

test result: FAILED. 29 passed; 1 failed; 0 ignored; 0 measured; 0 filtered out; finished in 0.01s

